bbl loader
please enter an float number:
2.400000
