bbl loader
please enter an double number:
5.745000
