bbl loader
please enter an float number:
4.540000
