bbl loader
please enter an double number:
7.545200
