bbl loader
please enter an int number:
please enter an int number:
-2
4
please enter an float number:
please enter an float number:
1.300000
8.800000
please enter an double number:
please enter an double number:
8.743000
125.400000
