bbl loader
please enter an int number:
please enter an int number:
3
1
please enter an float number:
please enter an float number:
10.880000
3.500000
please enter an double number:
please enter an double number:
23.018000
3.155200
