bbl loader
please enter an int number:
1
2
3
5
8
13
21
34
55
89
