bbl loader
couldn't open ELF program: test/samples_codegen/17_array_int!
