bbl loader
couldn't open ELF program: test/samples_codegen/18_array_int_vector_add!
