bbl loader
15.600000
17.800000
18.200000
20.400000
22.600000
24.800000
