bbl loader
couldn't open ELF program: test/samples_codegen/20_array_double_vector_add!
